
                         The BinkleyTerm XE Team


Feel free to contact the OS Coordinators if you have questions about
development or if you want to submit bug reports or code patches for your
platform without joining the team.


Current Members: (in alphabetical order)

 - Carsten Ellermann (CE)       2:2432/215
   ce@privat.kkf.net
   OS Coordinator OS/2

 - Tobias Ernst (TE)            2:2476/418
   tobi@bland.fido.de           http://www.physcip.uni-stuttgart.de/tobi/

 - Andre Grueneberg (AG)        2:2411/525
   andre@grueneberg.de          http://www.grueneberg.de/andre/

 - Rudolf Heeb (HR)             2:2464/44
   Rudolf_Heeb@poboxes.com      http://www.poboxes.com/rudolf.Heeb/

 - Robert Hoerner (RH)          2:2476/7

 - C. Eike Hofmeister (CEH)     2:2426/2280
   btxe@carl-eike-hofmeister.de http://www.carl-eike-hofmeister.de/
   OS Coordinator Linux

 - Lutz Issler (LI)             2:2433/225.59
   Lutz_Issler@project.fido.de
   Documentation Coordinator

 - jan n. klug (JNK)            2:2448/610
   jnk@cww.de

 - Henk-Jan Kreuger (HJK)       2:285/349.12
   kreuger@stack.nl             http://www.stack.nl/~kreuger/
   OS Coordinator Win32

 - Juergen Loh (JL)             2:2448/823
   jloh@pese.ruhr.de

 - Steffen Motzer (SM)          2:2471/1071.3

 - Victor Pomortseff (VRP)      2:5080/41.27
   root@pomor.e-burg.ru

 - Michael Reinsch (MR)         2:2474/141
   mr@uue.org                   http://mr.uue.org/
   general Coordinator

 - doug reynolds (DR)           1:2610/38
   mav@rebel.tj

 - Alexander Sanda (AS)         2:310/15.111
   as@psa.at

 - Carlos Fernandez Sanz (CFS)
   cfs@nova.es

 - Norbert Schelling (NS)       2:301/447.12

 - Sascha M. Silbe (SMS)        2:2435/424

 - Matthias Tichy (MTT)         2:2433/1245
   mtt@uni-paderborn.de

 - Thomas J. Waldmann (TJW)     2:2474/400
   tw@com-ma.de                 http://www.com-ma.de/

 - Alex Woick (AW)              2:244/1351


Contributers: (in alphabetical order)

 - Mike Burgett (MB)            1:215/705

 - Paul Edwards (PE)            3:711/934

 - Stas Mehanoshin (SVM)        2:5030/172.9
   rampitec@tu.spb.ru

 - David Rance


Former Members: (in alphabetical order)

 - Martin M. Pedersen (MMP)

 - Roland Schiradin (RS)

 - Tom Schlangen (TS)


$Id: team.lst,v 1.9 1999/10/05 14:22:00 hjk Exp $
